--------------------------------------------------------------------------------
Release 14.7 Trace  (nt64)
Copyright (c) 1995-2013 Xilinx, Inc.  All rights reserved.

C:\Xilinx\14.7\ISE_DS\ISE\bin\nt64\unwrapped\trce.exe -intstyle ise -v 3 -s 3
-n 3 -fastpaths -xml I2C_Top_Level.twx I2C_Top_Level.ncd -o I2C_Top_Level.twr
I2C_Top_Level.pcf -ucf nexys4ddr_master.ucf

Design file:              I2C_Top_Level.ncd
Physical constraint file: I2C_Top_Level.pcf
Device,package,speed:     xc7a100t,csg324,C,-3 (PRODUCTION 1.10 2013-10-13)
Report level:             verbose report

Environment Variable      Effect 
--------------------      ------ 
NONE                      No environment variables were set
--------------------------------------------------------------------------------

INFO:Timing:2698 - No timing constraints found, doing default enumeration.
INFO:Timing:3412 - To improve timing, see the Timing Closure User Guide (UG612).
INFO:Timing:2752 - To get complete path coverage, use the unconstrained paths 
   option. All paths that are not constrained will be reported in the 
   unconstrained paths section(s) of the report.
INFO:Timing:3339 - The clock-to-out numbers in this timing report are based on 
   a 50 Ohm transmission line loading model.  For the details of this model, 
   and for more information on accounting for different loading conditions, 
   please see the device datasheet.



Data Sheet report:
-----------------
All values displayed in nanoseconds (ns)

Setup/Hold to clock clk
------------+------------+------------+------------+------------+------------------+--------+
            |Max Setup to|  Process   |Max Hold to |  Process   |                  | Clock  |
Source      | clk (edge) |   Corner   | clk (edge) |   Corner   |Internal Clock(s) | Phase  |
------------+------------+------------+------------+------------+------------------+--------+
bt_fire_i   |   -0.483(R)|      FAST  |    2.592(R)|      SLOW  |clk_BUFGP         |   0.000|
rst         |   -0.536(R)|      FAST  |    2.263(R)|      SLOW  |clk_BUFGP         |   0.000|
sw_addr_i<0>|    3.229(R)|      SLOW  |   -1.136(R)|      SLOW  |clk_BUFGP         |   0.000|
sw_addr_i<1>|    0.757(R)|      FAST  |    1.346(R)|      SLOW  |clk_BUFGP         |   0.000|
sw_addr_i<2>|    1.172(R)|      FAST  |    1.007(R)|      SLOW  |clk_BUFGP         |   0.000|
sw_addr_i<3>|    2.613(R)|      SLOW  |   -0.379(R)|      FAST  |clk_BUFGP         |   0.000|
sw_addr_i<4>|    1.072(R)|      FAST  |    0.999(R)|      SLOW  |clk_BUFGP         |   0.000|
sw_addr_i<5>|    1.325(R)|      FAST  |    0.843(R)|      SLOW  |clk_BUFGP         |   0.000|
sw_addr_i<6>|    1.226(R)|      FAST  |    0.659(R)|      SLOW  |clk_BUFGP         |   0.000|
sw_data_i<0>|    2.836(R)|      SLOW  |   -0.740(R)|      FAST  |clk_BUFGP         |   0.000|
sw_data_i<1>|    1.313(R)|      FAST  |    0.642(R)|      SLOW  |clk_BUFGP         |   0.000|
sw_data_i<2>|    1.417(R)|      FAST  |    0.705(R)|      SLOW  |clk_BUFGP         |   0.000|
sw_data_i<3>|    1.273(R)|      FAST  |    0.811(R)|      SLOW  |clk_BUFGP         |   0.000|
sw_data_i<4>|    1.531(R)|      SLOW  |    0.382(R)|      SLOW  |clk_BUFGP         |   0.000|
sw_data_i<5>|    2.025(R)|      SLOW  |    0.241(R)|      SLOW  |clk_BUFGP         |   0.000|
sw_data_i<6>|    1.367(R)|      FAST  |    0.475(R)|      SLOW  |clk_BUFGP         |   0.000|
sw_data_i<7>|    1.510(R)|      FAST  |    0.159(R)|      SLOW  |clk_BUFGP         |   0.000|
------------+------------+------------+------------+------------+------------------+--------+

Clock to Setup on destination clock clk
---------------+---------+---------+---------+---------+
               | Src:Rise| Src:Fall| Src:Rise| Src:Fall|
Source Clock   |Dest:Rise|Dest:Rise|Dest:Fall|Dest:Fall|
---------------+---------+---------+---------+---------+
clk            |    8.642|         |         |         |
---------------+---------+---------+---------+---------+


Analysis completed Wed Oct 24 15:13:16 2018 
--------------------------------------------------------------------------------

Trace Settings:
-------------------------
Trace Settings 

Peak Memory Usage: 5021 MB



